
> livekit-meet@0.2.0 build
> next build

   Γû▓ Next.js 15.2.8
   - Environments: .env.local

   Creating an optimized production build ...
node.exe :  ΓÜá 
Compiled with 
warnings
At line:1 char:1
+ & "C:\Program 
Files/node.exe" 
"C:\Program Files/nod
e_modules/npm/bin/ 
...
+ ~~~~~~~~~~~~~~~~~~~
~~~~~~~~~~~~~~~~~~~~~
~~~~~~~~~~~~~~~~~~~~~
~~~~~~~~
    + CategoryInfo   
           : NotSpe  
  cified: ( ΓÜá Co   
 mpiled with warn    
ings:String) [],     
RemoteException
    + FullyQualified 
   ErrorId : Native  
  CommandError
 

./node_modules/@media
pipe/tasks-vision/vis
ion_bundle.mjs
Failed to parse 
source map from 'D:\M
eet_Setup\frontend\no
de_modules\@mediapipe
\tasks-vision\vision_
bundle_mjs.js.map' 
file: Error: ENOENT: 
no such file or 
directory, open 'D:\M
eet_Setup\frontend\no
de_modules\@mediapipe
\tasks-vision\vision_
bundle_mjs.js.map'

Import trace for 
requested module:
./node_modules/@media
pipe/tasks-vision/vis
ion_bundle.mjs
./node_modules/@livek
it/track-processors/d
ist/index.mjs
./lib/CameraSettings.
tsx
./lib/SettingsMenu.ts
x
./app/custom/VideoCon
ferenceClientImpl.jsx

./node_modules/@media
pipe/tasks-vision/vis
ion_bundle.mjs
Failed to parse 
source map from 'D:\M
eet_Setup\frontend\no
de_modules\@mediapipe
\tasks-vision\vision_
bundle_mjs.js.map' 
file: Error: ENOENT: 
no such file or 
directory, open 'D:\M
eet_Setup\frontend\no
de_modules\@mediapipe
\tasks-vision\vision_
bundle_mjs.js.map'

Import trace for 
requested module:
./node_modules/@media
pipe/tasks-vision/vis
ion_bundle.mjs
./node_modules/@livek
it/track-processors/d
ist/index.mjs
./lib/CameraSettings.
tsx
./lib/SettingsMenu.ts
x
./app/custom/VideoCon
ferenceClientImpl.jsx

   Linting and checking validity of types ...

Failed to compile.

./app/custom/VideoCon
ferenceClientImpl.jsx
18:11  Warning: The 
'keyProvider' object 
construction makes 
the dependencies of 
useEffect Hook (at 
line 61) change on 
every render. To fix 
this, wrap the 
initialization of 
'keyProvider' in its 
own useMemo() Hook.  
react-hooks/exhaustiv
e-deps
41:8  Warning: React 
Hook useMemo has a 
missing dependency: '
props.singlePeerConne
ction'. Either 
include it or remove 
the dependency 
array.  react-hooks/e
xhaustive-deps

./app/page.jsx
89:8  Warning: React 
Hook useEffect has a 
missing dependency: 
'fetchTokenAndJoin'. 
Either include it or 
remove the 
dependency array.  re
act-hooks/exhaustive-
deps
208:21  Warning: 
Using `<img>` could 
result in slower LCP 
and higher 
bandwidth. Consider 
using `<Image />` 
from `next/image` or 
a custom image 
loader to 
automatically 
optimize images. 
This may incur 
additional usage or 
cost from your 
provider. See: https:
//nextjs.org/docs/mes
sages/no-img-element 
 @next/next/no-img-el
ement

./app/rooms/[roomName
]/HostControlPanel.js
x
75:90  Error: `'` 
can be escaped with 
`&apos;`, `&lsquo;`, 
`&#39;`, `&rsquo;`.  
react/no-unescaped-en
tities

./app/rooms/[roomName
]/PageClientImpl.jsx
681:8  Warning: 
React Hook useEffect 
has a missing 
dependency: 
'localParticipant'. 
Either include it or 
remove the 
dependency array.  re
act-hooks/exhaustive-
deps

./app/rooms/[roomName
]/StudentVideoViewer.
jsx
32:8  Warning: React 
Hook useEffect has a 
missing dependency: 
'presenterTrack'. 
Either include it or 
remove the 
dependency array.  re
act-hooks/exhaustive-
deps
32:35  Warning: 
React Hook useEffect 
has a complex 
expression in the 
dependency array. 
Extract it to a 
separate variable so 
it can be statically 
checked.  react-hooks
/exhaustive-deps
39:8  Warning: React 
Hook useEffect has a 
missing dependency: 
'presenterTrack'. 
Either include it or 
remove the 
dependency array.  re
act-hooks/exhaustive-
deps
39:17  Warning: 
React Hook useEffect 
has a complex 
expression in the 
dependency array. 
Extract it to a 
separate variable so 
it can be statically 
checked.  react-hooks
/exhaustive-deps

./lib/MicrophoneSetti
ngs.tsx
27:6  Warning: React 
Hook React.useEffect 
has a missing 
dependency: 'setNoise
FilterEnabled'. 
Either include it or 
remove the 
dependency array.  re
act-hooks/exhaustive-
deps

./lib/RecordingIndica
tor.tsx
25:6  Warning: React 
Hook React.useEffect 
has a missing 
dependency: 
'wasRecording'. 
Either include it or 
remove the 
dependency array.  re
act-hooks/exhaustive-
deps

./lib/SettingsMenu.ts
x
32:6  Warning: React 
Hook React.useMemo 
has a missing 
dependency: 
'recordingEndpoint'. 
Either include it or 
remove the 
dependency array.  re
act-hooks/exhaustive-
deps

./lib/usePerfomanceOp
timiser.ts
55:6  Warning: React 
Hook React.useEffect 
has a missing 
dependency: 'opts.dis
ableVideoProcessing'.
 Either include it 
or remove the 
dependency array.  re
act-hooks/exhaustive-
deps

info  - Need to 
disable some ESLint 
rules? Learn more 
here: https://nextjs.
org/docs/app/api-refe
rence/config/eslint#d
isabling-rules
